<?xml version="1.0" encoding="UTF-8"?>
<testsuites name="Mocha Tests" time="0.25" tests="3" failures="0">
  <testsuite name="Root Suite" timestamp="2017-11-16T02:12:27" tests="0" failures="0" time="0">
  </testsuite>
  <testsuite name="Validate Article functionality" timestamp="2017-11-16T02:12:27" tests="2" file="E:\COMP531\backend\src\articles.spec.js" failures="0" time="0.188">
    <testcase name="Validate Article functionality should give me no less than 10 articles" time="0.11" classname="should give me no less than 10 articles">
    </testcase>
    <testcase name="Validate Article functionality POST /article should add two articles with successive article ids, and return the article each time, and add article to results for GET /articles" time="0.078" classname="POST /article should add two articles with successive article ids, and return the article each time, and add article to results for GET /articles">
    </testcase>
  </testsuite>
  <testsuite name="Validate Profile functionality" timestamp="2017-11-16T02:12:27" tests="1" file="E:\COMP531\backend\src\profile.spec.js" failures="0" time="0.062">
    <testcase name="Validate Profile functionality PUT /headline updates the headline message GET /headlines returns" time="0.062" classname="PUT /headline updates the headline message GET /headlines returns">
    </testcase>
  </testsuite>
</testsuites>